Added Component: Designator=B1(Button)
Added Component: Designator=C1(Cap_1206)
Add component (AddParameter): Name = "Value"; Value = "100nF"; VariantName = "[No Variations]"
Added Component: Designator=C2(Cap_1206)
Add component (AddParameter): Name = "Value"; Value = "100nF"; VariantName = "[No Variations]"
Added Component: Designator=C3(Cap_1206)
Add component (AddParameter): Name = "Value"; Value = "100nF"; VariantName = "[No Variations]"
Added Component: Designator=C4(Cap_1206)
Add component (AddParameter): Name = "Value"; Value = "100nF"; VariantName = "[No Variations]"
Added Component: Designator=C5(Cap_1206)
Add component (AddParameter): Name = "Value"; Value = "1uF"; VariantName = "[No Variations]"
Added Component: Designator=C6(Cap_1206)
Add component (AddParameter): Name = "Value"; Value = "100nF"; VariantName = "[No Variations]"
Added Component: Designator=C8(Cap_1206)
Add component (AddParameter): Name = "Value"; Value = "100nF"; VariantName = "[No Variations]"
Added Component: Designator=C9(Cap_1206)
Add component (AddParameter): Name = "Value"; Value = "100nF"; VariantName = "[No Variations]"
Added Component: Designator=C10(Cap_1206)
Add component (AddParameter): Name = "Value"; Value = "1uF"; VariantName = "[No Variations]"
Added Component: Designator=D9(Diode standart)
Added Component: Designator=D14(Diode_Green)
Added Component: Designator=J1(USB_Type_C)
Added Component: Designator=LS1(Speaker)
Added Component: Designator=P1(Conector_4pins)
Added Component: Designator=Q1(IRLR2905TRPBF)
Added Component: Designator=R2(Res_1206)
Add component (AddParameter): Name = "Value"; Value = "5.1KOm"; VariantName = "[No Variations]"
Added Component: Designator=R3(Res_1206)
Add component (AddParameter): Name = "Value"; Value = "5.1KOm"; VariantName = "[No Variations]"
Added Component: Designator=R11(Res_1206)
Add component (AddParameter): Name = "Value"; Value = "22Om"; VariantName = "[No Variations]"
Added Component: Designator=R12(Res_1206)
Add component (AddParameter): Name = "Value"; Value = "1KOmR12"; VariantName = "[No Variations]"
Added Component: Designator=R14(Res_1206)
Add component (AddParameter): Name = "Value"; Value = "100KOm"; VariantName = "[No Variations]"
Added Component: Designator=R18(Res_1206)
Add component (AddParameter): Name = "Value"; Value = "22Om"; VariantName = "[No Variations]"
Added Component: Designator=R19(Res_1206)
Add component (AddParameter): Name = "Value"; Value = "2.2KOm"; VariantName = "[No Variations]"
Added Component: Designator=R20(Res_1206)
Add component (AddParameter): Name = "Value"; Value = "10KOm"; VariantName = "[No Variations]"
Added Component: Designator=R21(Res_1206)
Add component (AddParameter): Name = "Value"; Value = "10KOm"; VariantName = "[No Variations]"
Added Component: Designator=U2(CH340Ñ)
Added Component: Designator=U4(USBLC6-2SC6)
Added Component: Designator=U5(SOP65P640X120-20N)
Added Pin To Net: NetName=NetB1_1 Pin=B1-1
Added Pin To Net: NetName=NetB1_2 Pin=B1-2
Added Pin To Net: NetName=C3 Pin=B1-3
Added Pin To Net: NetName=C3 Pin=B1-4
Added Pin To Net: NetName=GND Pin=C1-1
Added Pin To Net: NetName=+5V Pin=C1-2
Added Pin To Net: NetName=GND Pin=C2-1
Added Pin To Net: NetName=NetC2_2 Pin=C2-2
Added Pin To Net: NetName=GND Pin=C3-1
Added Pin To Net: NetName=D2 Pin=C3-2
Added Pin To Net: NetName=GND Pin=C4-1
Added Pin To Net: NetName=+5V Pin=C4-2
Added Pin To Net: NetName=GND Pin=C5-1
Added Pin To Net: NetName=+5V Pin=C5-2
Added Pin To Net: NetName=GND Pin=C6-1
Added Pin To Net: NetName=NetC6_2 Pin=C6-2
Added Pin To Net: NetName=GND Pin=C8-1
Added Pin To Net: NetName=+5V Pin=C8-2
Added Pin To Net: NetName=GND Pin=C9-1
Added Pin To Net: NetName=NetC9_2 Pin=C9-2
Added Pin To Net: NetName=GND Pin=C10-1
Added Pin To Net: NetName=+5V Pin=C10-2
Added Pin To Net: NetName=NetD9_A Pin=D9-A
Added Pin To Net: NetName=+5V Pin=D9-C
Added Pin To Net: NetName=NetD14_A Pin=D14-A
Added Pin To Net: NetName=+5V Pin=D14-C
Added Pin To Net: NetName=GND Pin=J1-A1_B12
Added Pin To Net: NetName=+5V Pin=J1-A4_B9
Added Pin To Net: NetName=NetJ1_A5 Pin=J1-A5
Added Pin To Net: NetName=TypeC_P Pin=J1-A6
Added Pin To Net: NetName=TypeC_N Pin=J1-A7
Added Pin To Net: NetName=GND Pin=J1-B1_A12
Added Pin To Net: NetName=+5V Pin=J1-B4_A9
Added Pin To Net: NetName=NetJ1_B5 Pin=J1-B5
Added Pin To Net: NetName=TypeC_P Pin=J1-B6
Added Pin To Net: NetName=TypeC_N Pin=J1-B7
Added Pin To Net: NetName=GND Pin=J1-SH1
Added Pin To Net: NetName=GND Pin=J1-SH2
Added Pin To Net: NetName=GND Pin=J1-SH3
Added Pin To Net: NetName=GND Pin=J1-SH4
Added Pin To Net: NetName=NetD9_A Pin=LS1-N
Added Pin To Net: NetName=+5V Pin=LS1-P
Added Pin To Net: NetName=+5V Pin=P1-1
Added Pin To Net: NetName=NRST Pin=P1-2
Added Pin To Net: NetName=SWIM Pin=P1-3
Added Pin To Net: NetName=GND Pin=P1-4
Added Pin To Net: NetName=NetQ1_1 Pin=Q1-1
Added Pin To Net: NetName=NetD9_A Pin=Q1-2
Added Pin To Net: NetName=GND Pin=Q1-3
Added Pin To Net: NetName=NetD9_A Pin=Q1-PAD
Added Pin To Net: NetName=NetJ1_A5 Pin=R2-1
Added Pin To Net: NetName=GND Pin=R2-2
Added Pin To Net: NetName=GND Pin=R3-1
Added Pin To Net: NetName=NetJ1_B5 Pin=R3-2
Added Pin To Net: NetName=D_P Pin=R11-1
Added Pin To Net: NetName=NetR11_2 Pin=R11-2
Added Pin To Net: NetName=NetQ1_1 Pin=R12-1
Added Pin To Net: NetName=C4 Pin=R12-2
Added Pin To Net: NetName=GND Pin=R14-1
Added Pin To Net: NetName=C4 Pin=R14-2
Added Pin To Net: NetName=D_N Pin=R18-1
Added Pin To Net: NetName=NetR18_2 Pin=R18-2
Added Pin To Net: NetName=NetD14_A Pin=R19-1
Added Pin To Net: NetName=GND Pin=R19-2
Added Pin To Net: NetName=NetC9_2 Pin=R20-1
Added Pin To Net: NetName=NetB1_1 Pin=R20-2
Added Pin To Net: NetName=GND Pin=R21-1
Added Pin To Net: NetName=NetB1_2 Pin=R21-2
Added Pin To Net: NetName=GND Pin=U2-1
Added Pin To Net: NetName=RX Pin=U2-2
Added Pin To Net: NetName=TX Pin=U2-3
Added Pin To Net: NetName=NetC2_2 Pin=U2-4
Added Pin To Net: NetName=D_P Pin=U2-5
Added Pin To Net: NetName=D_N Pin=U2-6
Added Pin To Net: NetName=+5V Pin=U2-16
Added Pin To Net: NetName=TypeC_P Pin=U4-1
Added Pin To Net: NetName=GND Pin=U4-2
Added Pin To Net: NetName=TypeC_N Pin=U4-3
Added Pin To Net: NetName=NetR18_2 Pin=U4-4
Added Pin To Net: NetName=+5V Pin=U4-5
Added Pin To Net: NetName=NetR11_2 Pin=U4-6
Added Pin To Net: NetName=D4 Pin=U5-1
Added Pin To Net: NetName=TX Pin=U5-2
Added Pin To Net: NetName=RX Pin=U5-3
Added Pin To Net: NetName=NRST Pin=U5-4
Added Pin To Net: NetName=GND Pin=U5-7
Added Pin To Net: NetName=NetC6_2 Pin=U5-8
Added Pin To Net: NetName=+5V Pin=U5-9
Added Pin To Net: NetName=C3 Pin=U5-13
Added Pin To Net: NetName=C4 Pin=U5-14
Added Pin To Net: NetName=SWIM Pin=U5-18
Added Pin To Net: NetName=D2 Pin=U5-19
Added Pin To Net: NetName=D3 Pin=U5-20
Change Net Color : Old Net Color=RGB(158, 161, 117) New Net Color=Yellow
Change Net Color : Old Net Color=RGB(158, 161, 117) New Net Color=Yellow
Change Net Color : Old Net Color=RGB(158, 161, 117) New Net Color=Yellow
Change Net Color : Old Net Color=RGB(158, 161, 117) New Net Color=Yellow
Added Member To Class: ClassName=Sheet1 Member=Component B1 VS-1213-67-160GF
Added Member To Class: ClassName=Sheet1 Member=Component C1 Cap_1206
Added Member To Class: ClassName=Sheet1 Member=Component C2 Cap_1206
Added Member To Class: ClassName=Sheet1 Member=Component C3 Cap_1206
Added Member To Class: ClassName=Sheet1 Member=Component C4 Cap_1206
Added Member To Class: ClassName=Sheet1 Member=Component C5 Cap_1206
Added Member To Class: ClassName=Sheet1 Member=Component C6 Cap_1206
Added Member To Class: ClassName=Sheet1 Member=Component C8 Cap_1206
Added Member To Class: ClassName=Sheet1 Member=Component C9 Cap_1206
Added Member To Class: ClassName=Sheet1 Member=Component C10 Cap_1206
Added Member To Class: ClassName=Sheet1 Member=Component D9 Diode standart
Added Member To Class: ClassName=Sheet1 Member=Component D14 Diode
Added Member To Class: ClassName=Sheet1 Member=Component J1 USB_Type_C
Added Member To Class: ClassName=Sheet1 Member=Component LS1 Speaker
Added Member To Class: ClassName=Sheet1 Member=Component P1 Conector_4pin
Added Member To Class: ClassName=Sheet1 Member=Component Q1 IRLR2905TRPBF
Added Member To Class: ClassName=Sheet1 Member=Component R2 Res_1206
Added Member To Class: ClassName=Sheet1 Member=Component R3 Res_1206
Added Member To Class: ClassName=Sheet1 Member=Component R11 Res_1206
Added Member To Class: ClassName=Sheet1 Member=Component R12 Res_1206
Added Member To Class: ClassName=Sheet1 Member=Component R14 Res_1206
Added Member To Class: ClassName=Sheet1 Member=Component R18 Res_1206
Added Member To Class: ClassName=Sheet1 Member=Component R19 Res_1206
Added Member To Class: ClassName=Sheet1 Member=Component R20 Res_1206
Added Member To Class: ClassName=Sheet1 Member=Component R21 Res_1206
Added Member To Class: ClassName=Sheet1 Member=Component U2 CH340Ñ
Added Member To Class: ClassName=Sheet1 Member=Component U4 USBLC6-2SC6
Added Member To Class: ClassName=Sheet1 Member=Component U5 STM8S103F3P6
