Added Component: Designator=B1(Button)
Added Component: Designator=C1(Cap_1206)
Add component (AddParameter): Name = "Value"; Value = "100nF"; VariantName = "[No Variations]"
Added Component: Designator=C2(Cap_1206)
Add component (AddParameter): Name = "Value"; Value = "100nF"; VariantName = "[No Variations]"
Added Component: Designator=C3(Cap_1206)
Add component (AddParameter): Name = "Value"; Value = "100nF"; VariantName = "[No Variations]"
Added Component: Designator=C4(Cap_1206)
Add component (AddParameter): Name = "Value"; Value = "100nF"; VariantName = "[No Variations]"
Added Component: Designator=C5(Cap_1206)
Add component (AddParameter): Name = "Value"; Value = "1uF"; VariantName = "[No Variations]"
Added Component: Designator=C6(Cap_1206)
Add component (AddParameter): Name = "Value"; Value = "100nF"; VariantName = "[No Variations]"
Added Component: Designator=C7(Cap_1206)
Add component (AddParameter): Name = "Value"; Value = "100nF"; VariantName = "[No Variations]"
Added Component: Designator=C8(Cap_1206)
Add component (AddParameter): Name = "Value"; Value = "100nF"; VariantName = "[No Variations]"
Added Component: Designator=C9(Cap_1206)
Add component (AddParameter): Name = "Value"; Value = "100nF"; VariantName = "[No Variations]"
Added Component: Designator=C10(Cap_1206)
Add component (AddParameter): Name = "Value"; Value = "1uF"; VariantName = "[No Variations]"
Added Component: Designator=C11(Cap_1206)
Add component (AddParameter): Name = "Value"; Value = "100nF"; VariantName = "[No Variations]"
Added Component: Designator=D1(Diode_Green)
Added Component: Designator=D2(Diode_Yellow)
Added Component: Designator=D3(Diode_Green)
Added Component: Designator=D4(Diode_Yellow)
Added Component: Designator=D5(Diode_Green)
Added Component: Designator=D6(Diode_Yellow)
Added Component: Designator=D7(Diode_Green)
Added Component: Designator=D8(Diode_Yellow)
Added Component: Designator=D9(Diode standart)
Added Component: Designator=D10(Diode_Green)
Added Component: Designator=D11(Diode_Yellow)
Added Component: Designator=D12(Diode_Green)
Added Component: Designator=D13(Diode_Yellow)
Added Component: Designator=D14(SMD LED)
Added Component: Designator=J1(USB_Type_C)
Added Component: Designator=LS1(Speaker)
Added Component: Designator=P1(Conector_4pins)
Added Component: Designator=Q1(IRLR2905TRPBF)
Added Component: Designator=R1(Res_1206)
Add component (AddParameter): Name = "Value"; Value = "220Om"; VariantName = "[No Variations]"
Added Component: Designator=R2(Res_1206)
Add component (AddParameter): Name = "Value"; Value = "5.1kOm"; VariantName = "[No Variations]"
Added Component: Designator=R3(Res_1206)
Add component (AddParameter): Name = "Value"; Value = "5.1kOm"; VariantName = "[No Variations]"
Added Component: Designator=R4(Res_1206)
Add component (AddParameter): Name = "Value"; Value = "220Om"; VariantName = "[No Variations]"
Added Component: Designator=R5(Res_1206)
Add component (AddParameter): Name = "Value"; Value = "220Om"; VariantName = "[No Variations]"
Added Component: Designator=R6(Res_1206)
Add component (AddParameter): Name = "Value"; Value = "220Om"; VariantName = "[No Variations]"
Added Component: Designator=R7(Res_1206)
Add component (AddParameter): Name = "Value"; Value = "220Om"; VariantName = "[No Variations]"
Added Component: Designator=R8(Res_1206)
Add component (AddParameter): Name = "Value"; Value = "220Om"; VariantName = "[No Variations]"
Added Component: Designator=R9(Res_1206)
Add component (AddParameter): Name = "Value"; Value = "220Om"; VariantName = "[No Variations]"
Added Component: Designator=R10(Res_1206)
Add component (AddParameter): Name = "Value"; Value = "220Om"; VariantName = "[No Variations]"
Added Component: Designator=R11(Res_1206)
Add component (AddParameter): Name = "Value"; Value = "22Om"; VariantName = "[No Variations]"
Added Component: Designator=R12(Res_1206)
Add component (AddParameter): Name = "Value"; Value = "1kOm"; VariantName = "[No Variations]"
Added Component: Designator=R13(Res_1206)
Add component (AddParameter): Name = "Value"; Value = "220Om"; VariantName = "[No Variations]"
Added Component: Designator=R14(Res_1206)
Add component (AddParameter): Name = "Value"; Value = "100kOm"; VariantName = "[No Variations]"
Added Component: Designator=R15(Res_1206)
Add component (AddParameter): Name = "Value"; Value = "220Om"; VariantName = "[No Variations]"
Added Component: Designator=R16(Res_1206)
Add component (AddParameter): Name = "Value"; Value = "220Om"; VariantName = "[No Variations]"
Added Component: Designator=R17(Res_1206)
Add component (AddParameter): Name = "Value"; Value = "220Om"; VariantName = "[No Variations]"
Added Component: Designator=R18(Res_1206)
Add component (AddParameter): Name = "Value"; Value = "22Om"; VariantName = "[No Variations]"
Added Component: Designator=R19(Res_1206)
Add component (AddParameter): Name = "Value"; Value = "2.2K"; VariantName = "[No Variations]"
Added Component: Designator=R20(Res_1206)
Add component (AddParameter): Name = "Value"; Value = "10K"; VariantName = "[No Variations]"
Added Component: Designator=R21(Res_1206)
Add component (AddParameter): Name = "Value"; Value = "10K"; VariantName = "[No Variations]"
Added Component: Designator=U1(SN74HC595N)
Added Component: Designator=U2(CH340Ñ)
Added Component: Designator=U3(SN74HC595N)
Added Component: Designator=U4(USBLC6-2SC6)
Added Component: Designator=U5(SOP65P640X120-20N)
Added Pin To Net: NetName=+5V Pin=C1-1
Added Pin To Net: NetName=+5V Pin=C4-1
Added Pin To Net: NetName=+5V Pin=C5-1
Added Pin To Net: NetName=+5V Pin=C7-1
Added Pin To Net: NetName=+5V Pin=C8-1
Added Pin To Net: NetName=+5V Pin=C10-1
Added Pin To Net: NetName=+5V Pin=C11-1
Added Pin To Net: NetName=+5V Pin=D9-C
Added Pin To Net: NetName=+5V Pin=J1-A4_B9
Added Pin To Net: NetName=+5V Pin=J1-B4_A9
Added Pin To Net: NetName=+5V Pin=LS1-P
Added Pin To Net: NetName=+5V Pin=P1-1
Added Pin To Net: NetName=+5V Pin=U1-10
Added Pin To Net: NetName=+5V Pin=U1-16
Added Pin To Net: NetName=+5V Pin=U2-16
Added Pin To Net: NetName=+5V Pin=U3-10
Added Pin To Net: NetName=+5V Pin=U3-16
Added Pin To Net: NetName=+5V Pin=U4-5
Added Pin To Net: NetName=+5V Pin=U5-9
Added Net: Name=+5V
Added Pin To Net: NetName=1-3 Pin=U1-9
Added Pin To Net: NetName=1-3 Pin=U3-14
Added Net: Name=1-3
Added Pin To Net: NetName=C3 Pin=B1-3
Added Pin To Net: NetName=C3 Pin=B1-4
Added Pin To Net: NetName=C3 Pin=U5-13
Added Net: Name=C3
Added Pin To Net: NetName=C4 Pin=R12-1
Added Pin To Net: NetName=C4 Pin=R14-1
Added Pin To Net: NetName=C4 Pin=U5-14
Added Net: Name=C4
Added Pin To Net: NetName=D2 Pin=C3-1
Added Pin To Net: NetName=D2 Pin=U1-12
Added Pin To Net: NetName=D2 Pin=U3-12
Added Pin To Net: NetName=D2 Pin=U5-19
Added Net: Name=D2
Added Pin To Net: NetName=D3 Pin=U1-14
Added Pin To Net: NetName=D3 Pin=U5-20
Added Net: Name=D3
Added Pin To Net: NetName=D4 Pin=U1-11
Added Pin To Net: NetName=D4 Pin=U3-11
Added Pin To Net: NetName=D4 Pin=U5-1
Added Net: Name=D4
Added Pin To Net: NetName=D_N Pin=U2-6
Added Net: Name=D_N
Added Pin To Net: NetName=D_P Pin=U2-5
Added Net: Name=D_P
Added Pin To Net: NetName=GND Pin=D1-C
Added Pin To Net: NetName=GND Pin=D2-C
Added Pin To Net: NetName=GND Pin=D3-C
Added Pin To Net: NetName=GND Pin=D4-C
Added Pin To Net: NetName=GND Pin=D5-C
Added Pin To Net: NetName=GND Pin=D6-C
Added Pin To Net: NetName=GND Pin=D7-C
Added Pin To Net: NetName=GND Pin=D8-C
Added Pin To Net: NetName=GND Pin=D10-C
Added Pin To Net: NetName=GND Pin=D11-C
Added Pin To Net: NetName=GND Pin=D12-C
Added Pin To Net: NetName=GND Pin=D13-C
Added Pin To Net: NetName=GND Pin=J1-A1_B12
Added Pin To Net: NetName=GND Pin=J1-B1_A12
Added Pin To Net: NetName=GND Pin=J1-SH1
Added Pin To Net: NetName=GND Pin=J1-SH2
Added Pin To Net: NetName=GND Pin=J1-SH3
Added Pin To Net: NetName=GND Pin=J1-SH4
Added Pin To Net: NetName=GND Pin=P1-4
Added Pin To Net: NetName=GND Pin=Q1-3
Added Pin To Net: NetName=GND Pin=R2-1
Added Pin To Net: NetName=GND Pin=R19-1
Added Pin To Net: NetName=GND Pin=U1-8
Added Pin To Net: NetName=GND Pin=U1-13
Added Pin To Net: NetName=GND Pin=U2-1
Added Pin To Net: NetName=GND Pin=U3-8
Added Pin To Net: NetName=GND Pin=U3-13
Added Pin To Net: NetName=GND Pin=U4-2
Added Pin To Net: NetName=GND Pin=U5-7
Added Net: Name=GND
Added Pin To Net: NetName=NetB1_1 Pin=B1-1
Added Pin To Net: NetName=NetB1_1 Pin=R20-1
Added Net: Name=NetB1_1
Added Pin To Net: NetName=NetB1_2 Pin=B1-2
Added Pin To Net: NetName=NetB1_2 Pin=R21-1
Added Net: Name=NetB1_2
Added Pin To Net: NetName=NetC2_1 Pin=C2-1
Added Pin To Net: NetName=NetC2_1 Pin=U2-4
Added Net: Name=NetC2_1
Added Pin To Net: NetName=NetC6_1 Pin=C6-1
Added Pin To Net: NetName=NetC6_1 Pin=U5-8
Added Net: Name=NetC6_1
Added Pin To Net: NetName=NetC9_1 Pin=C9-1
Added Net: Name=NetC9_1
Added Pin To Net: NetName=NetD1_A Pin=D1-A
Added Pin To Net: NetName=NetD1_A Pin=R1-1
Added Net: Name=NetD1_A
Added Pin To Net: NetName=NetD2_A Pin=D2-A
Added Pin To Net: NetName=NetD2_A Pin=R4-1
Added Net: Name=NetD2_A
Added Pin To Net: NetName=NetD3_A Pin=D3-A
Added Pin To Net: NetName=NetD3_A Pin=R5-1
Added Net: Name=NetD3_A
Added Pin To Net: NetName=NetD4_A Pin=D4-A
Added Pin To Net: NetName=NetD4_A Pin=R6-1
Added Net: Name=NetD4_A
Added Pin To Net: NetName=NetD5_A Pin=D5-A
Added Pin To Net: NetName=NetD5_A Pin=R7-1
Added Net: Name=NetD5_A
Added Pin To Net: NetName=NetD6_A Pin=D6-A
Added Pin To Net: NetName=NetD6_A Pin=R8-1
Added Net: Name=NetD6_A
Added Pin To Net: NetName=NetD7_A Pin=D7-A
Added Pin To Net: NetName=NetD7_A Pin=R9-1
Added Net: Name=NetD7_A
Added Pin To Net: NetName=NetD8_A Pin=D8-A
Added Pin To Net: NetName=NetD8_A Pin=R10-1
Added Net: Name=NetD8_A
Added Pin To Net: NetName=NetD9_A Pin=D9-A
Added Pin To Net: NetName=NetD9_A Pin=LS1-N
Added Pin To Net: NetName=NetD9_A Pin=Q1-2
Added Pin To Net: NetName=NetD9_A Pin=Q1-PAD
Added Net: Name=NetD9_A
Added Pin To Net: NetName=NetD10_A Pin=D10-A
Added Pin To Net: NetName=NetD10_A Pin=R13-1
Added Net: Name=NetD10_A
Added Pin To Net: NetName=NetD11_A Pin=D11-A
Added Pin To Net: NetName=NetD11_A Pin=R15-1
Added Net: Name=NetD11_A
Added Pin To Net: NetName=NetD12_A Pin=D12-A
Added Pin To Net: NetName=NetD12_A Pin=R16-1
Added Net: Name=NetD12_A
Added Pin To Net: NetName=NetD13_A Pin=D13-A
Added Pin To Net: NetName=NetD13_A Pin=R17-1
Added Net: Name=NetD13_A
Added Net: Name=NetD14_A
Added Pin To Net: NetName=NetJ1_A5 Pin=J1-A5
Added Net: Name=NetJ1_A5
Added Pin To Net: NetName=NetJ1_B5 Pin=J1-B5
Added Pin To Net: NetName=NetJ1_B5 Pin=R3-1
Added Net: Name=NetJ1_B5
Added Pin To Net: NetName=NetQ1_1 Pin=Q1-1
Added Net: Name=NetQ1_1
Added Pin To Net: NetName=NetR1_0 Pin=U1-15
Added Net: Name=NetR1_0
Added Pin To Net: NetName=NetR4_0 Pin=U1-1
Added Net: Name=NetR4_0
Added Pin To Net: NetName=NetR5_0 Pin=U1-2
Added Net: Name=NetR5_0
Added Pin To Net: NetName=NetR6_0 Pin=U1-3
Added Net: Name=NetR6_0
Added Pin To Net: NetName=NetR7_0 Pin=U1-4
Added Net: Name=NetR7_0
Added Pin To Net: NetName=NetR8_0 Pin=U1-5
Added Net: Name=NetR8_0
Added Pin To Net: NetName=NetR9_0 Pin=U1-6
Added Net: Name=NetR9_0
Added Pin To Net: NetName=NetR10_0 Pin=U1-7
Added Net: Name=NetR10_0
Added Pin To Net: NetName=NetR11_1 Pin=R11-1
Added Pin To Net: NetName=NetR11_1 Pin=U4-6
Added Net: Name=NetR11_1
Added Pin To Net: NetName=NetR13_0 Pin=U3-15
Added Net: Name=NetR13_0
Added Pin To Net: NetName=NetR15_0 Pin=U3-1
Added Net: Name=NetR15_0
Added Pin To Net: NetName=NetR16_0 Pin=U3-2
Added Net: Name=NetR16_0
Added Pin To Net: NetName=NetR17_0 Pin=U3-3
Added Net: Name=NetR17_0
Added Pin To Net: NetName=NetR18_1 Pin=R18-1
Added Pin To Net: NetName=NetR18_1 Pin=U4-4
Added Net: Name=NetR18_1
Added Pin To Net: NetName=NRST Pin=P1-2
Added Pin To Net: NetName=NRST Pin=U5-4
Added Net: Name=NRST
Added Pin To Net: NetName=RX Pin=U2-2
Added Pin To Net: NetName=RX Pin=U5-3
Added Net: Name=RX
Added Pin To Net: NetName=SWIM Pin=P1-3
Added Pin To Net: NetName=SWIM Pin=U5-18
Added Net: Name=SWIM
Added Pin To Net: NetName=TX Pin=U2-3
Added Pin To Net: NetName=TX Pin=U5-2
Added Net: Name=TX
Added Pin To Net: NetName=TypeC_N Pin=J1-A7
Added Pin To Net: NetName=TypeC_N Pin=J1-B7
Added Pin To Net: NetName=TypeC_N Pin=U4-3
Added Net: Name=TypeC_N
Added Pin To Net: NetName=TypeC_P Pin=J1-A6
Added Pin To Net: NetName=TypeC_P Pin=J1-B6
Added Pin To Net: NetName=TypeC_P Pin=U4-1
Added Net: Name=TypeC_P
Added Class: Name=Sheet1
Added Differential Pair: Name=D
Added Differential Pair: Name=TypeC
Added Rule: Name=Schematic Supply Nets
Added Rule: Name=Schematic Supply Nets_1
