Removed Pin From Net: NetName=+5V Pin=C11-1
Change Component Comment : Designator=C11 Old Comment=Cap_1206 New Comment=
Add Pin To Net: Unknown Pin: Pin C1-0
Add Pin To Net: Unknown Pin: Pin C2-0
Add Pin To Net: Unknown Pin: Pin C3-0
Add Pin To Net: Unknown Pin: Pin C4-0
Add Pin To Net: Unknown Pin: Pin C5-0
Add Pin To Net: Unknown Pin: Pin C6-0
Add Pin To Net: Unknown Pin: Pin C7-0
Add Pin To Net: Unknown Pin: Pin C8-0
Add Pin To Net: Unknown Pin: Pin C9-0
Add Pin To Net: Unknown Pin: Pin C10-0
Added Pin To Net: NetName=GND Pin=C11-1
Added Pin To Net: NetName=+5V Pin=C11-2
Add Pin To Net: Unknown Pin: Pin D14-A
Add Pin To Net: Unknown Pin: Pin D14-C
Add Pin To Net: Unknown Pin: Pin R1-0
Add Pin To Net: Unknown Pin: Pin R2-0
Add Pin To Net: Unknown Pin: Pin R3-0
Add Pin To Net: Unknown Pin: Pin R4-0
Add Pin To Net: Unknown Pin: Pin R5-0
Add Pin To Net: Unknown Pin: Pin R6-0
Add Pin To Net: Unknown Pin: Pin R7-0
Add Pin To Net: Unknown Pin: Pin R8-0
Add Pin To Net: Unknown Pin: Pin R9-0
Add Pin To Net: Unknown Pin: Pin R10-0
Add Pin To Net: Unknown Pin: Pin R11-0
Add Pin To Net: Unknown Pin: Pin R12-0
Add Pin To Net: Unknown Pin: Pin R13-0
Add Pin To Net: Unknown Pin: Pin R14-0
Add Pin To Net: Unknown Pin: Pin R15-0
Add Pin To Net: Unknown Pin: Pin R16-0
Add Pin To Net: Unknown Pin: Pin R17-0
Add Pin To Net: Unknown Pin: Pin R18-0
Add Pin To Net: Unknown Pin: Pin R19-0
Add Pin To Net: Unknown Pin: Pin R20-0
Add Pin To Net: Unknown Pin: Pin R21-0
