Replace Part B1 VS-1213-67-160GF in C:\Users\Public\Documents\Altium\Casino\Sheet1.SchDoc with VS-1213-67-160GF from SchlibCasino.SchLib
Replace Part C1 Cap_1206 in C:\Users\Public\Documents\Altium\Casino\Sheet1.SchDoc with Cap_1206 from SchlibCasino.SchLib
Replace Part C2 Cap_1206 in C:\Users\Public\Documents\Altium\Casino\Sheet1.SchDoc with Cap_1206 from SchlibCasino.SchLib
Replace Part C3 Cap_1206 in C:\Users\Public\Documents\Altium\Casino\Sheet1.SchDoc with Cap_1206 from SchlibCasino.SchLib
Replace Part C4 Cap_1206 in C:\Users\Public\Documents\Altium\Casino\Sheet1.SchDoc with Cap_1206 from SchlibCasino.SchLib
Replace Part C5 Cap_1206 in C:\Users\Public\Documents\Altium\Casino\Sheet1.SchDoc with Cap_1206 from SchlibCasino.SchLib
Replace Part C6 Cap_1206 in C:\Users\Public\Documents\Altium\Casino\Sheet1.SchDoc with Cap_1206 from SchlibCasino.SchLib
Replace Part C7 Cap_1206 in C:\Users\Public\Documents\Altium\Casino\Sheet1.SchDoc with Cap_1206 from SchlibCasino.SchLib
Replace Part C8 Cap_1206 in C:\Users\Public\Documents\Altium\Casino\Sheet1.SchDoc with Cap_1206 from SchlibCasino.SchLib
Replace Part C9 Cap_1206 in C:\Users\Public\Documents\Altium\Casino\Sheet1.SchDoc with Cap_1206 from SchlibCasino.SchLib
Replace Part C10 Cap_1206 in C:\Users\Public\Documents\Altium\Casino\Sheet1.SchDoc with Cap_1206 from SchlibCasino.SchLib
Replace Part C11 Cap_1206 in C:\Users\Public\Documents\Altium\Casino\Sheet1.SchDoc with Cap_1206 from SchlibCasino.SchLib
Replace Part D1 Diode in C:\Users\Public\Documents\Altium\Casino\Sheet1.SchDoc with Diode from SchlibCasino.SchLib
Replace Part D2 Diode in C:\Users\Public\Documents\Altium\Casino\Sheet1.SchDoc with Diode from SchlibCasino.SchLib
Replace Part D3 Diode in C:\Users\Public\Documents\Altium\Casino\Sheet1.SchDoc with Diode from SchlibCasino.SchLib
Replace Part D4 Diode in C:\Users\Public\Documents\Altium\Casino\Sheet1.SchDoc with Diode from SchlibCasino.SchLib
Replace Part D5 Diode in C:\Users\Public\Documents\Altium\Casino\Sheet1.SchDoc with Diode from SchlibCasino.SchLib
Replace Part D6 Diode in C:\Users\Public\Documents\Altium\Casino\Sheet1.SchDoc with Diode from SchlibCasino.SchLib
Replace Part D7 Diode in C:\Users\Public\Documents\Altium\Casino\Sheet1.SchDoc with Diode from SchlibCasino.SchLib
Replace Part D8 Diode in C:\Users\Public\Documents\Altium\Casino\Sheet1.SchDoc with Diode from SchlibCasino.SchLib
Replace Part D9 Diode standart in C:\Users\Public\Documents\Altium\Casino\Sheet1.SchDoc with Diode standart from SchlibCasino.SchLib
Replace Part D10 Diode in C:\Users\Public\Documents\Altium\Casino\Sheet1.SchDoc with Diode from SchlibCasino.SchLib
Replace Part D11 Diode in C:\Users\Public\Documents\Altium\Casino\Sheet1.SchDoc with Diode from SchlibCasino.SchLib
Replace Part D12 Diode in C:\Users\Public\Documents\Altium\Casino\Sheet1.SchDoc with Diode from SchlibCasino.SchLib
Replace Part D13 Diode in C:\Users\Public\Documents\Altium\Casino\Sheet1.SchDoc with Diode from SchlibCasino.SchLib
Replace Part D14 Diode in C:\Users\Public\Documents\Altium\Casino\Sheet1.SchDoc with Diode from SchlibCasino.SchLib
Replace Part J1 USB_Type_C in C:\Users\Public\Documents\Altium\Casino\Sheet1.SchDoc with USB_Type_C from SchlibCasino.SchLib
Replace Part LS1 Speaker in C:\Users\Public\Documents\Altium\Casino\Sheet1.SchDoc with Speaker from SchlibCasino.SchLib
Replace Part P1 Conector_4pin in C:\Users\Public\Documents\Altium\Casino\Sheet1.SchDoc with Conector_4pin from SchlibCasino.SchLib
Replace Part Q1 IRLR2905TRPBF in C:\Users\Public\Documents\Altium\Casino\Sheet1.SchDoc with IRLR2905TRPBF from SchlibCasino.SchLib
Replace Part R1 Res_1206 in C:\Users\Public\Documents\Altium\Casino\Sheet1.SchDoc with Res_1206 from SchlibCasino.SchLib
Replace Part R2 Res_1206 in C:\Users\Public\Documents\Altium\Casino\Sheet1.SchDoc with Res_1206 from SchlibCasino.SchLib
Replace Part R3 Res_1206 in C:\Users\Public\Documents\Altium\Casino\Sheet1.SchDoc with Res_1206 from SchlibCasino.SchLib
Replace Part R4 Res_1206 in C:\Users\Public\Documents\Altium\Casino\Sheet1.SchDoc with Res_1206 from SchlibCasino.SchLib
Replace Part R5 Res_1206 in C:\Users\Public\Documents\Altium\Casino\Sheet1.SchDoc with Res_1206 from SchlibCasino.SchLib
Replace Part R6 Res_1206 in C:\Users\Public\Documents\Altium\Casino\Sheet1.SchDoc with Res_1206 from SchlibCasino.SchLib
Replace Part R7 Res_1206 in C:\Users\Public\Documents\Altium\Casino\Sheet1.SchDoc with Res_1206 from SchlibCasino.SchLib
Replace Part R8 Res_1206 in C:\Users\Public\Documents\Altium\Casino\Sheet1.SchDoc with Res_1206 from SchlibCasino.SchLib
Replace Part R9 Res_1206 in C:\Users\Public\Documents\Altium\Casino\Sheet1.SchDoc with Res_1206 from SchlibCasino.SchLib
Replace Part R10 Res_1206 in C:\Users\Public\Documents\Altium\Casino\Sheet1.SchDoc with Res_1206 from SchlibCasino.SchLib
Replace Part R11 Res_1206 in C:\Users\Public\Documents\Altium\Casino\Sheet1.SchDoc with Res_1206 from SchlibCasino.SchLib
Replace Part R12 Res_1206 in C:\Users\Public\Documents\Altium\Casino\Sheet1.SchDoc with Res_1206 from SchlibCasino.SchLib
Replace Part R13 Res_1206 in C:\Users\Public\Documents\Altium\Casino\Sheet1.SchDoc with Res_1206 from SchlibCasino.SchLib
Replace Part R14 Res_1206 in C:\Users\Public\Documents\Altium\Casino\Sheet1.SchDoc with Res_1206 from SchlibCasino.SchLib
Replace Part R15 Res_1206 in C:\Users\Public\Documents\Altium\Casino\Sheet1.SchDoc with Res_1206 from SchlibCasino.SchLib
Replace Part R16 Res_1206 in C:\Users\Public\Documents\Altium\Casino\Sheet1.SchDoc with Res_1206 from SchlibCasino.SchLib
Replace Part R17 Res_1206 in C:\Users\Public\Documents\Altium\Casino\Sheet1.SchDoc with Res_1206 from SchlibCasino.SchLib
Replace Part R18 Res_1206 in C:\Users\Public\Documents\Altium\Casino\Sheet1.SchDoc with Res_1206 from SchlibCasino.SchLib
Replace Part R19 Res_1206 in C:\Users\Public\Documents\Altium\Casino\Sheet1.SchDoc with Res_1206 from SchlibCasino.SchLib
Replace Part R20 Res_1206 in C:\Users\Public\Documents\Altium\Casino\Sheet1.SchDoc with Res_1206 from SchlibCasino.SchLib
Replace Part R21 Res_1206 in C:\Users\Public\Documents\Altium\Casino\Sheet1.SchDoc with Res_1206 from SchlibCasino.SchLib
Replace Part U1 SN74HC595N in C:\Users\Public\Documents\Altium\Casino\Sheet1.SchDoc with SN74HC595N from SchlibCasino.SchLib
Replace Part U2 CH340Ñ in C:\Users\Public\Documents\Altium\Casino\Sheet1.SchDoc with CH340Ñ from SchlibCasino.SchLib
Replace Part U3 SN74HC595N in C:\Users\Public\Documents\Altium\Casino\Sheet1.SchDoc with SN74HC595N from SchlibCasino.SchLib
Replace Part U4 USBLC6-2SC6 in C:\Users\Public\Documents\Altium\Casino\Sheet1.SchDoc with USBLC6-2SC6 from SchlibCasino.SchLib
Replace Part U5 STM8S103F3P6 in C:\Users\Public\Documents\Altium\Casino\Sheet1.SchDoc with STM8S103F3P6 from SchlibCasino.SchLib
